0 verbose cli /home/bobbigmac/.nvm/versions/node/v24.14.0/bin/node /home/bobbigmac/.nvm/versions/node/v24.14.0/bin/npm
1 info using npm@11.9.0
2 info using node@v24.14.0
3 silly config load:file:/home/bobbigmac/.nvm/versions/node/v24.14.0/lib/node_modules/npm/npmrc
4 silly config load:file:/home/bobbigmac/projects/nhs-complaint-dec-2024/.npmrc
5 silly config load:file:/home/bobbigmac/.npmrc
6 silly config load:file:/home/bobbigmac/.nvm/versions/node/v24.14.0/etc/npmrc
7 verbose title npm install flag-icons@7.3.2
8 verbose argv "install" "--save-dev" "flag-icons@7.3.2" "--cache" ".npm-cache"
9 verbose logfile logs-max:10 dir:/home/bobbigmac/projects/nhs-complaint-dec-2024/.npm-cache/_logs/2026-03-27T05_18_31_226Z-
10 verbose logfile /home/bobbigmac/projects/nhs-complaint-dec-2024/.npm-cache/_logs/2026-03-27T05_18_31_226Z-debug-0.log
11 silly logfile done cleaning log files
12 silly packumentCache heap:4496293888 maxSize:1124073472 maxEntrySize:562036736
13 silly idealTree buildDeps
14 silly fetch manifest vite@latest
15 silly packumentCache full:https://registry.npmjs.org/vite cache-miss
16 http fetch GET 200 https://registry.npmjs.org/npm 470ms
17 http fetch GET 200 https://registry.npmjs.org/vite 2824ms (cache miss)
18 silly packumentCache full:https://registry.npmjs.org/vite set size:undefined disposed:false
19 silly fetch manifest @types/node@^20.19.0 || >=22.12.0
20 silly packumentCache full:https://registry.npmjs.org/@types%2fnode cache-miss
21 http fetch GET 200 https://registry.npmjs.org/@types%2fnode 557ms (cache miss)
22 silly packumentCache full:https://registry.npmjs.org/@types%2fnode set size:undefined disposed:false
23 silly fetch manifest @vitejs/devtools@^0.1.0
24 silly packumentCache full:https://registry.npmjs.org/@vitejs%2fdevtools cache-miss
25 http fetch GET 200 https://registry.npmjs.org/@vitejs%2fdevtools 486ms (cache miss)
26 silly packumentCache full:https://registry.npmjs.org/@vitejs%2fdevtools set size:undefined disposed:false
27 silly fetch manifest esbuild@^0.27.0
28 silly packumentCache full:https://registry.npmjs.org/esbuild cache-miss
29 http fetch GET 200 https://registry.npmjs.org/esbuild 104ms (cache miss)
30 silly packumentCache full:https://registry.npmjs.org/esbuild set size:undefined disposed:false
31 silly fetch manifest jiti@>=1.21.0
32 silly packumentCache full:https://registry.npmjs.org/jiti cache-miss
33 http fetch GET 200 https://registry.npmjs.org/jiti 83ms (cache miss)
34 silly packumentCache full:https://registry.npmjs.org/jiti set size:undefined disposed:false
35 silly fetch manifest less@^4.0.0
36 silly packumentCache full:https://registry.npmjs.org/less cache-miss
37 http fetch GET 200 https://registry.npmjs.org/less 62ms (cache miss)
38 silly packumentCache full:https://registry.npmjs.org/less set size:undefined disposed:false
39 silly fetch manifest sass@^1.70.0
40 silly packumentCache full:https://registry.npmjs.org/sass cache-miss
41 http fetch GET 200 https://registry.npmjs.org/sass 78ms (cache miss)
42 silly packumentCache full:https://registry.npmjs.org/sass set size:undefined disposed:false
43 silly fetch manifest sass-embedded@^1.70.0
44 silly packumentCache full:https://registry.npmjs.org/sass-embedded cache-miss
45 http fetch GET 200 https://registry.npmjs.org/sass-embedded 65ms (cache miss)
46 silly packumentCache full:https://registry.npmjs.org/sass-embedded set size:undefined disposed:false
47 silly fetch manifest stylus@>=0.54.8
48 silly packumentCache full:https://registry.npmjs.org/stylus cache-miss
49 http fetch GET 200 https://registry.npmjs.org/stylus 67ms (cache miss)
50 silly packumentCache full:https://registry.npmjs.org/stylus set size:undefined disposed:false
51 silly fetch manifest sugarss@^5.0.0
52 silly packumentCache full:https://registry.npmjs.org/sugarss cache-miss
53 http fetch GET 200 https://registry.npmjs.org/sugarss 43ms (cache miss)
54 silly packumentCache full:https://registry.npmjs.org/sugarss set size:undefined disposed:false
55 silly fetch manifest postcss@^8.3.3
56 silly packumentCache full:https://registry.npmjs.org/postcss cache-miss
57 http fetch GET 200 https://registry.npmjs.org/postcss 70ms (cache miss)
58 silly packumentCache full:https://registry.npmjs.org/postcss set size:undefined disposed:false
59 silly fetch manifest terser@^5.16.0
60 silly packumentCache full:https://registry.npmjs.org/terser cache-miss
61 http fetch GET 200 https://registry.npmjs.org/terser 100ms (cache miss)
62 silly packumentCache full:https://registry.npmjs.org/terser set size:undefined disposed:false
63 silly fetch manifest tsx@^4.8.1
64 silly packumentCache full:https://registry.npmjs.org/tsx cache-miss
65 http fetch GET 200 https://registry.npmjs.org/tsx 69ms (cache miss)
66 silly packumentCache full:https://registry.npmjs.org/tsx set size:undefined disposed:false
67 silly fetch manifest yaml@^2.4.2
68 silly packumentCache full:https://registry.npmjs.org/yaml cache-miss
69 http fetch GET 200 https://registry.npmjs.org/yaml 52ms (cache miss)
70 silly packumentCache full:https://registry.npmjs.org/yaml set size:undefined disposed:false
71 silly fetch manifest flag-icons@7.3.2
72 silly packumentCache full:https://registry.npmjs.org/flag-icons cache-miss
73 http fetch GET 200 https://registry.npmjs.org/flag-icons 60ms (cache miss)
74 silly packumentCache full:https://registry.npmjs.org/flag-icons set size:undefined disposed:false
75 silly placeDep ROOT flag-icons@7.3.2 OK for:  want: 7.3.2
76 silly placeDep ROOT vite@8.0.3 OK for:  want: latest
77 silly fetch manifest lightningcss@^1.32.0
78 silly packumentCache full:https://registry.npmjs.org/lightningcss cache-miss
79 silly fetch manifest picomatch@^4.0.4
80 silly packumentCache full:https://registry.npmjs.org/picomatch cache-miss
81 silly fetch manifest postcss@^8.5.8
82 silly packumentCache full:https://registry.npmjs.org/postcss cache-miss
83 silly fetch manifest rolldown@1.0.0-rc.12
84 silly packumentCache full:https://registry.npmjs.org/rolldown cache-miss
85 silly fetch manifest tinyglobby@^0.2.15
86 silly packumentCache full:https://registry.npmjs.org/tinyglobby cache-miss
87 silly fetch manifest fsevents@~2.3.3
88 silly packumentCache full:https://registry.npmjs.org/fsevents cache-miss
89 http cache https://registry.npmjs.org/postcss 103ms (cache hit)
90 silly packumentCache full:https://registry.npmjs.org/postcss set size:702266 disposed:false
91 http fetch GET 200 https://registry.npmjs.org/picomatch 178ms (cache miss)
92 silly packumentCache full:https://registry.npmjs.org/picomatch set size:undefined disposed:false
93 http fetch GET 200 https://registry.npmjs.org/lightningcss 189ms (cache miss)
94 silly packumentCache full:https://registry.npmjs.org/lightningcss set size:undefined disposed:false
95 http fetch GET 200 https://registry.npmjs.org/tinyglobby 387ms (cache miss)
96 silly packumentCache full:https://registry.npmjs.org/tinyglobby set size:undefined disposed:false
97 http fetch GET 200 https://registry.npmjs.org/fsevents 456ms (cache miss)
98 silly packumentCache full:https://registry.npmjs.org/fsevents set size:undefined disposed:false
99 http fetch GET 200 https://registry.npmjs.org/rolldown 786ms (cache miss)
100 silly packumentCache full:https://registry.npmjs.org/rolldown set size:undefined disposed:false
101 silly placeDep ROOT fsevents@2.3.3 OK for: vite@8.0.3 want: ~2.3.3
102 silly placeDep ROOT lightningcss@1.32.0 OK for: vite@8.0.3 want: ^1.32.0
103 silly placeDep ROOT picomatch@4.0.4 OK for: vite@8.0.3 want: ^4.0.4
104 silly placeDep ROOT postcss@8.5.8 OK for: vite@8.0.3 want: ^8.5.8
105 silly placeDep ROOT rolldown@1.0.0-rc.12 OK for: vite@8.0.3 want: 1.0.0-rc.12
106 silly placeDep ROOT tinyglobby@0.2.15 OK for: vite@8.0.3 want: ^0.2.15
107 silly fetch manifest detect-libc@^2.0.3
108 silly packumentCache full:https://registry.npmjs.org/detect-libc cache-miss
109 silly fetch manifest lightningcss-darwin-x64@1.32.0
110 silly packumentCache full:https://registry.npmjs.org/lightningcss-darwin-x64 cache-miss
111 silly fetch manifest lightningcss-linux-x64-gnu@1.32.0
112 silly packumentCache full:https://registry.npmjs.org/lightningcss-linux-x64-gnu cache-miss
113 silly fetch manifest lightningcss-win32-x64-msvc@1.32.0
114 silly packumentCache full:https://registry.npmjs.org/lightningcss-win32-x64-msvc cache-miss
115 silly fetch manifest lightningcss-win32-arm64-msvc@1.32.0
116 silly packumentCache full:https://registry.npmjs.org/lightningcss-win32-arm64-msvc cache-miss
117 silly fetch manifest lightningcss-darwin-arm64@1.32.0
118 silly packumentCache full:https://registry.npmjs.org/lightningcss-darwin-arm64 cache-miss
119 silly fetch manifest lightningcss-linux-arm64-gnu@1.32.0
120 silly packumentCache full:https://registry.npmjs.org/lightningcss-linux-arm64-gnu cache-miss
121 http fetch GET 200 https://registry.npmjs.org/lightningcss-win32-arm64-msvc 133ms (cache miss)
122 silly packumentCache full:https://registry.npmjs.org/lightningcss-win32-arm64-msvc set size:undefined disposed:false
123 silly fetch manifest lightningcss-linux-arm-gnueabihf@1.32.0
124 silly packumentCache full:https://registry.npmjs.org/lightningcss-linux-arm-gnueabihf cache-miss
125 http fetch GET 200 https://registry.npmjs.org/detect-libc 157ms (cache miss)
126 silly packumentCache full:https://registry.npmjs.org/detect-libc set size:undefined disposed:false
127 silly fetch manifest lightningcss-linux-arm64-musl@1.32.0
128 silly packumentCache full:https://registry.npmjs.org/lightningcss-linux-arm64-musl cache-miss
129 http fetch GET 200 https://registry.npmjs.org/lightningcss-darwin-x64 165ms (cache miss)
130 silly packumentCache full:https://registry.npmjs.org/lightningcss-darwin-x64 set size:undefined disposed:false
131 silly fetch manifest lightningcss-linux-x64-musl@1.32.0
132 silly packumentCache full:https://registry.npmjs.org/lightningcss-linux-x64-musl cache-miss
133 http fetch GET 200 https://registry.npmjs.org/lightningcss-win32-x64-msvc 175ms (cache miss)
134 silly packumentCache full:https://registry.npmjs.org/lightningcss-win32-x64-msvc set size:undefined disposed:false
135 silly fetch manifest lightningcss-freebsd-x64@1.32.0
136 silly packumentCache full:https://registry.npmjs.org/lightningcss-freebsd-x64 cache-miss
137 http fetch GET 200 https://registry.npmjs.org/lightningcss-linux-x64-gnu 184ms (cache miss)
138 silly packumentCache full:https://registry.npmjs.org/lightningcss-linux-x64-gnu set size:undefined disposed:false
139 silly fetch manifest lightningcss-android-arm64@1.32.0
140 silly packumentCache full:https://registry.npmjs.org/lightningcss-android-arm64 cache-miss
141 http fetch GET 200 https://registry.npmjs.org/lightningcss-linux-arm-gnueabihf 95ms (cache miss)
142 silly packumentCache full:https://registry.npmjs.org/lightningcss-linux-arm-gnueabihf set size:undefined disposed:false
143 silly fetch manifest nanoid@^3.3.11
144 silly packumentCache full:https://registry.npmjs.org/nanoid cache-miss
145 http fetch GET 200 https://registry.npmjs.org/lightningcss-linux-arm64-musl 100ms (cache miss)
146 silly packumentCache full:https://registry.npmjs.org/lightningcss-linux-arm64-musl set size:undefined disposed:false
147 silly fetch manifest picocolors@^1.1.1
148 silly packumentCache full:https://registry.npmjs.org/picocolors cache-miss
149 http fetch GET 200 https://registry.npmjs.org/lightningcss-linux-x64-musl 100ms (cache miss)
150 silly packumentCache full:https://registry.npmjs.org/lightningcss-linux-x64-musl set size:undefined disposed:false
151 silly fetch manifest source-map-js@^1.2.1
152 silly packumentCache full:https://registry.npmjs.org/source-map-js cache-miss
153 http fetch GET 200 https://registry.npmjs.org/lightningcss-freebsd-x64 107ms (cache miss)
154 silly packumentCache full:https://registry.npmjs.org/lightningcss-freebsd-x64 set size:undefined disposed:false
155 silly fetch manifest @oxc-project/types@=0.122.0
156 silly packumentCache full:https://registry.npmjs.org/@oxc-project%2ftypes cache-miss
157 http fetch GET 200 https://registry.npmjs.org/lightningcss-android-arm64 121ms (cache miss)
158 silly packumentCache full:https://registry.npmjs.org/lightningcss-android-arm64 set size:undefined disposed:false
159 silly fetch manifest @rolldown/pluginutils@1.0.0-rc.12
160 silly packumentCache full:https://registry.npmjs.org/@rolldown%2fpluginutils cache-miss
161 http fetch GET 200 https://registry.npmjs.org/picocolors 133ms (cache miss)
162 silly packumentCache full:https://registry.npmjs.org/picocolors set size:undefined disposed:false
163 silly fetch manifest @rolldown/binding-darwin-x64@1.0.0-rc.12
164 silly packumentCache full:https://registry.npmjs.org/@rolldown%2fbinding-darwin-x64 cache-miss
165 http fetch GET 200 https://registry.npmjs.org/source-map-js 162ms (cache miss)
166 silly packumentCache full:https://registry.npmjs.org/source-map-js set size:undefined disposed:false
167 silly fetch manifest @rolldown/binding-win32-x64-msvc@1.0.0-rc.12
168 silly packumentCache full:https://registry.npmjs.org/@rolldown%2fbinding-win32-x64-msvc cache-miss
169 http fetch GET 200 https://registry.npmjs.org/nanoid 214ms (cache miss)
170 silly packumentCache full:https://registry.npmjs.org/nanoid set size:undefined disposed:false
171 silly fetch manifest @rolldown/binding-linux-x64-gnu@1.0.0-rc.12
172 silly packumentCache full:https://registry.npmjs.org/@rolldown%2fbinding-linux-x64-gnu cache-miss
173 http fetch GET 200 https://registry.npmjs.org/@oxc-project%2ftypes 205ms (cache miss)
174 silly packumentCache full:https://registry.npmjs.org/@oxc-project%2ftypes set size:undefined disposed:false
175 silly fetch manifest @rolldown/binding-linux-x64-musl@1.0.0-rc.12
176 silly packumentCache full:https://registry.npmjs.org/@rolldown%2fbinding-linux-x64-musl cache-miss
177 http fetch GET 200 https://registry.npmjs.org/lightningcss-darwin-arm64 518ms (cache miss)
178 silly packumentCache full:https://registry.npmjs.org/lightningcss-darwin-arm64 set size:undefined disposed:false
179 silly fetch manifest @rolldown/binding-freebsd-x64@1.0.0-rc.12
180 silly packumentCache full:https://registry.npmjs.org/@rolldown%2fbinding-freebsd-x64 cache-miss
181 http fetch GET 200 https://registry.npmjs.org/lightningcss-linux-arm64-gnu 530ms (cache miss)
182 silly packumentCache full:https://registry.npmjs.org/lightningcss-linux-arm64-gnu set size:undefined disposed:false
183 silly fetch manifest @rolldown/binding-linux-arm-gnueabihf@1.0.0-rc.12
184 silly packumentCache full:https://registry.npmjs.org/@rolldown%2fbinding-linux-arm-gnueabihf cache-miss
185 http fetch GET 200 https://registry.npmjs.org/@rolldown%2fpluginutils 245ms (cache miss)
186 silly packumentCache full:https://registry.npmjs.org/@rolldown%2fpluginutils set size:undefined disposed:false
187 silly fetch manifest @rolldown/binding-linux-arm64-gnu@1.0.0-rc.12
188 silly packumentCache full:https://registry.npmjs.org/@rolldown%2fbinding-linux-arm64-gnu cache-miss
189 http fetch GET 200 https://registry.npmjs.org/@rolldown%2fbinding-freebsd-x64 326ms (cache miss)
190 silly packumentCache full:https://registry.npmjs.org/@rolldown%2fbinding-freebsd-x64 set size:undefined disposed:false
191 silly fetch manifest @rolldown/binding-darwin-arm64@1.0.0-rc.12
192 silly packumentCache full:https://registry.npmjs.org/@rolldown%2fbinding-darwin-arm64 cache-miss
193 http fetch GET 200 https://registry.npmjs.org/@rolldown%2fbinding-linux-x64-gnu 413ms (cache miss)
194 silly packumentCache full:https://registry.npmjs.org/@rolldown%2fbinding-linux-x64-gnu set size:undefined disposed:false
195 silly fetch manifest @rolldown/binding-linux-arm64-musl@1.0.0-rc.12
196 silly packumentCache full:https://registry.npmjs.org/@rolldown%2fbinding-linux-arm64-musl cache-miss
197 http fetch GET 200 https://registry.npmjs.org/@rolldown%2fbinding-linux-x64-musl 459ms (cache miss)
198 silly packumentCache full:https://registry.npmjs.org/@rolldown%2fbinding-linux-x64-musl set size:undefined disposed:false
199 silly fetch manifest @rolldown/binding-openharmony-arm64@1.0.0-rc.12
200 silly packumentCache full:https://registry.npmjs.org/@rolldown%2fbinding-openharmony-arm64 cache-miss
201 http fetch GET 200 https://registry.npmjs.org/@rolldown%2fbinding-win32-x64-msvc 626ms (cache miss)
202 silly packumentCache full:https://registry.npmjs.org/@rolldown%2fbinding-win32-x64-msvc set size:undefined disposed:false
203 silly fetch manifest @rolldown/binding-win32-arm64-msvc@1.0.0-rc.12
204 silly packumentCache full:https://registry.npmjs.org/@rolldown%2fbinding-win32-arm64-msvc cache-miss
205 http fetch GET 200 https://registry.npmjs.org/@rolldown%2fbinding-darwin-x64 848ms (cache miss)
206 silly packumentCache full:https://registry.npmjs.org/@rolldown%2fbinding-darwin-x64 set size:undefined disposed:false
207 silly fetch manifest @rolldown/binding-android-arm64@1.0.0-rc.12
208 silly packumentCache full:https://registry.npmjs.org/@rolldown%2fbinding-android-arm64 cache-miss
209 http fetch GET 200 https://registry.npmjs.org/@rolldown%2fbinding-openharmony-arm64 328ms (cache miss)
210 silly packumentCache full:https://registry.npmjs.org/@rolldown%2fbinding-openharmony-arm64 set size:undefined disposed:false
211 silly fetch manifest @rolldown/binding-wasm32-wasi@1.0.0-rc.12
212 silly packumentCache full:https://registry.npmjs.org/@rolldown%2fbinding-wasm32-wasi cache-miss
213 http fetch GET 200 https://registry.npmjs.org/@rolldown%2fbinding-linux-arm-gnueabihf 826ms (cache miss)
214 silly packumentCache full:https://registry.npmjs.org/@rolldown%2fbinding-linux-arm-gnueabihf set size:undefined disposed:false
215 silly fetch manifest @rolldown/binding-linux-s390x-gnu@1.0.0-rc.12
216 silly packumentCache full:https://registry.npmjs.org/@rolldown%2fbinding-linux-s390x-gnu cache-miss
217 http fetch GET 200 https://registry.npmjs.org/@rolldown%2fbinding-android-arm64 264ms (cache miss)
218 silly packumentCache full:https://registry.npmjs.org/@rolldown%2fbinding-android-arm64 set size:undefined disposed:false
219 silly fetch manifest @rolldown/binding-linux-ppc64-gnu@1.0.0-rc.12
220 silly packumentCache full:https://registry.npmjs.org/@rolldown%2fbinding-linux-ppc64-gnu cache-miss
221 http fetch GET 200 https://registry.npmjs.org/@rolldown%2fbinding-darwin-arm64 706ms (cache miss)
222 silly packumentCache full:https://registry.npmjs.org/@rolldown%2fbinding-darwin-arm64 set size:undefined disposed:false
223 silly fetch manifest fdir@^6.5.0
224 silly packumentCache full:https://registry.npmjs.org/fdir cache-miss
225 http fetch GET 200 https://registry.npmjs.org/@rolldown%2fbinding-linux-arm64-gnu 1056ms (cache miss)
226 silly packumentCache full:https://registry.npmjs.org/@rolldown%2fbinding-linux-arm64-gnu set size:undefined disposed:false
227 http fetch GET 200 https://registry.npmjs.org/@rolldown%2fbinding-linux-arm64-musl 742ms (cache miss)
228 silly packumentCache full:https://registry.npmjs.org/@rolldown%2fbinding-linux-arm64-musl set size:undefined disposed:false
229 http fetch GET 200 https://registry.npmjs.org/@rolldown%2fbinding-win32-arm64-msvc 506ms (cache miss)
230 silly packumentCache full:https://registry.npmjs.org/@rolldown%2fbinding-win32-arm64-msvc set size:undefined disposed:false
231 http fetch GET 200 https://registry.npmjs.org/fdir 136ms (cache miss)
232 silly packumentCache full:https://registry.npmjs.org/fdir set size:undefined disposed:false
233 http fetch GET 200 https://registry.npmjs.org/@rolldown%2fbinding-wasm32-wasi 424ms (cache miss)
234 silly packumentCache full:https://registry.npmjs.org/@rolldown%2fbinding-wasm32-wasi set size:undefined disposed:false
235 http fetch GET 200 https://registry.npmjs.org/@rolldown%2fbinding-linux-ppc64-gnu 665ms (cache miss)
236 silly packumentCache full:https://registry.npmjs.org/@rolldown%2fbinding-linux-ppc64-gnu set size:undefined disposed:false
237 http fetch GET 200 https://registry.npmjs.org/@rolldown%2fbinding-linux-s390x-gnu 889ms (cache miss)
238 silly packumentCache full:https://registry.npmjs.org/@rolldown%2fbinding-linux-s390x-gnu set size:undefined disposed:false
239 silly placeDep ROOT detect-libc@2.1.2 OK for: lightningcss@1.32.0 want: ^2.0.3
240 silly placeDep ROOT lightningcss-android-arm64@1.32.0 OK for: lightningcss@1.32.0 want: 1.32.0
241 silly placeDep ROOT lightningcss-darwin-arm64@1.32.0 OK for: lightningcss@1.32.0 want: 1.32.0
242 silly placeDep ROOT lightningcss-darwin-x64@1.32.0 OK for: lightningcss@1.32.0 want: 1.32.0
243 silly placeDep ROOT lightningcss-freebsd-x64@1.32.0 OK for: lightningcss@1.32.0 want: 1.32.0
244 silly placeDep ROOT lightningcss-linux-arm-gnueabihf@1.32.0 OK for: lightningcss@1.32.0 want: 1.32.0
245 silly placeDep ROOT lightningcss-linux-arm64-gnu@1.32.0 OK for: lightningcss@1.32.0 want: 1.32.0
246 silly placeDep ROOT lightningcss-linux-arm64-musl@1.32.0 OK for: lightningcss@1.32.0 want: 1.32.0
247 silly placeDep ROOT lightningcss-linux-x64-gnu@1.32.0 OK for: lightningcss@1.32.0 want: 1.32.0
248 silly placeDep ROOT lightningcss-linux-x64-musl@1.32.0 OK for: lightningcss@1.32.0 want: 1.32.0
249 silly placeDep ROOT lightningcss-win32-arm64-msvc@1.32.0 OK for: lightningcss@1.32.0 want: 1.32.0
250 silly placeDep ROOT lightningcss-win32-x64-msvc@1.32.0 OK for: lightningcss@1.32.0 want: 1.32.0
251 silly placeDep ROOT nanoid@3.3.11 OK for: postcss@8.5.8 want: ^3.3.11
252 silly placeDep ROOT picocolors@1.1.1 OK for: postcss@8.5.8 want: ^1.1.1
253 silly placeDep ROOT source-map-js@1.2.1 OK for: postcss@8.5.8 want: ^1.2.1
254 silly placeDep ROOT @oxc-project/types@0.122.0 OK for: rolldown@1.0.0-rc.12 want: =0.122.0
255 silly placeDep ROOT @rolldown/binding-android-arm64@1.0.0-rc.12 OK for: rolldown@1.0.0-rc.12 want: 1.0.0-rc.12
256 silly placeDep ROOT @rolldown/binding-darwin-arm64@1.0.0-rc.12 OK for: rolldown@1.0.0-rc.12 want: 1.0.0-rc.12
257 silly placeDep ROOT @rolldown/binding-darwin-x64@1.0.0-rc.12 OK for: rolldown@1.0.0-rc.12 want: 1.0.0-rc.12
258 silly placeDep ROOT @rolldown/binding-freebsd-x64@1.0.0-rc.12 OK for: rolldown@1.0.0-rc.12 want: 1.0.0-rc.12
259 silly placeDep ROOT @rolldown/binding-linux-arm-gnueabihf@1.0.0-rc.12 OK for: rolldown@1.0.0-rc.12 want: 1.0.0-rc.12
260 silly placeDep ROOT @rolldown/binding-linux-arm64-gnu@1.0.0-rc.12 OK for: rolldown@1.0.0-rc.12 want: 1.0.0-rc.12
261 silly placeDep ROOT @rolldown/binding-linux-arm64-musl@1.0.0-rc.12 OK for: rolldown@1.0.0-rc.12 want: 1.0.0-rc.12
262 silly placeDep ROOT @rolldown/binding-linux-ppc64-gnu@1.0.0-rc.12 OK for: rolldown@1.0.0-rc.12 want: 1.0.0-rc.12
263 silly placeDep ROOT @rolldown/binding-linux-s390x-gnu@1.0.0-rc.12 OK for: rolldown@1.0.0-rc.12 want: 1.0.0-rc.12
264 silly placeDep ROOT @rolldown/binding-linux-x64-gnu@1.0.0-rc.12 OK for: rolldown@1.0.0-rc.12 want: 1.0.0-rc.12
265 silly placeDep ROOT @rolldown/binding-linux-x64-musl@1.0.0-rc.12 OK for: rolldown@1.0.0-rc.12 want: 1.0.0-rc.12
266 silly placeDep ROOT @rolldown/binding-openharmony-arm64@1.0.0-rc.12 OK for: rolldown@1.0.0-rc.12 want: 1.0.0-rc.12
267 silly placeDep ROOT @rolldown/binding-wasm32-wasi@1.0.0-rc.12 OK for: rolldown@1.0.0-rc.12 want: 1.0.0-rc.12
268 silly placeDep ROOT @rolldown/binding-win32-arm64-msvc@1.0.0-rc.12 OK for: rolldown@1.0.0-rc.12 want: 1.0.0-rc.12
269 silly placeDep ROOT @rolldown/binding-win32-x64-msvc@1.0.0-rc.12 OK for: rolldown@1.0.0-rc.12 want: 1.0.0-rc.12
270 silly placeDep ROOT @rolldown/pluginutils@1.0.0-rc.12 OK for: rolldown@1.0.0-rc.12 want: 1.0.0-rc.12
271 silly fetch manifest @napi-rs/wasm-runtime@^1.1.1
272 silly packumentCache full:https://registry.npmjs.org/@napi-rs%2fwasm-runtime cache-miss
273 http fetch GET 200 https://registry.npmjs.org/@napi-rs%2fwasm-runtime 65ms (cache miss)
274 silly packumentCache full:https://registry.npmjs.org/@napi-rs%2fwasm-runtime set size:undefined disposed:false
275 silly placeDep ROOT @napi-rs/wasm-runtime@1.1.1 OK for: @rolldown/binding-wasm32-wasi@1.0.0-rc.12 want: ^1.1.1
276 silly fetch manifest @emnapi/core@^1.7.1
277 silly packumentCache full:https://registry.npmjs.org/@emnapi%2fcore cache-miss
278 silly fetch manifest @emnapi/runtime@^1.7.1
279 silly packumentCache full:https://registry.npmjs.org/@emnapi%2fruntime cache-miss
280 silly fetch manifest @tybys/wasm-util@^0.10.1
281 silly packumentCache full:https://registry.npmjs.org/@tybys%2fwasm-util cache-miss
282 http fetch GET 200 https://registry.npmjs.org/@tybys%2fwasm-util 83ms (cache miss)
283 silly packumentCache full:https://registry.npmjs.org/@tybys%2fwasm-util set size:undefined disposed:false
284 http fetch GET 200 https://registry.npmjs.org/@emnapi%2fcore 92ms (cache miss)
285 silly packumentCache full:https://registry.npmjs.org/@emnapi%2fcore set size:undefined disposed:false
286 http fetch GET 200 https://registry.npmjs.org/@emnapi%2fruntime 97ms (cache miss)
287 silly packumentCache full:https://registry.npmjs.org/@emnapi%2fruntime set size:undefined disposed:false
288 silly placeDep ROOT @emnapi/core@1.9.1 OK for: @napi-rs/wasm-runtime@1.1.1 want: ^1.7.1
289 silly placeDep ROOT @emnapi/runtime@1.9.1 OK for: @napi-rs/wasm-runtime@1.1.1 want: ^1.7.1
290 silly placeDep ROOT @tybys/wasm-util@0.10.1 OK for: @napi-rs/wasm-runtime@1.1.1 want: ^0.10.1
291 silly fetch manifest @emnapi/wasi-threads@1.2.0
292 silly packumentCache full:https://registry.npmjs.org/@emnapi%2fwasi-threads cache-miss
293 silly fetch manifest tslib@^2.4.0
294 silly packumentCache full:https://registry.npmjs.org/tslib cache-miss
295 silly fetch manifest tslib@^2.4.0
296 silly packumentCache full:https://registry.npmjs.org/tslib cache-miss
297 silly fetch manifest tslib@^2.4.0
298 silly packumentCache full:https://registry.npmjs.org/tslib cache-miss
299 http fetch GET 200 https://registry.npmjs.org/@emnapi%2fwasi-threads 75ms (cache miss)
300 silly packumentCache full:https://registry.npmjs.org/@emnapi%2fwasi-threads set size:undefined disposed:false
301 http fetch GET 200 https://registry.npmjs.org/tslib 84ms (cache miss)
302 silly packumentCache full:https://registry.npmjs.org/tslib set size:undefined disposed:false
303 http fetch GET 200 https://registry.npmjs.org/tslib 92ms (cache miss)
304 silly packumentCache full:https://registry.npmjs.org/tslib set size:undefined disposed:false
305 http fetch GET 200 https://registry.npmjs.org/tslib 96ms (cache miss)
306 silly packumentCache full:https://registry.npmjs.org/tslib set size:undefined disposed:false
307 silly placeDep ROOT @emnapi/wasi-threads@1.2.0 OK for: @emnapi/core@1.9.1 want: 1.2.0
308 silly placeDep ROOT tslib@2.8.1 OK for: @emnapi/core@1.9.1 want: ^2.4.0
309 silly fetch manifest picomatch@^4.0.3
310 silly packumentCache full:https://registry.npmjs.org/picomatch cache-miss
311 http cache https://registry.npmjs.org/picomatch 13ms (cache hit)
312 silly packumentCache full:https://registry.npmjs.org/picomatch set size:126376 disposed:false
313 silly placeDep ROOT fdir@6.5.0 OK for: tinyglobby@0.2.15 want: ^6.5.0
314 silly reify moves {}
315 silly audit bulk request {
315 silly audit   'flag-icons': [ '7.3.2' ],
315 silly audit   vite: [ '8.0.3' ],
315 silly audit   fsevents: [ '2.3.3' ],
315 silly audit   lightningcss: [ '1.32.0' ],
315 silly audit   picomatch: [ '4.0.4' ],
315 silly audit   postcss: [ '8.5.8' ],
315 silly audit   rolldown: [ '1.0.0-rc.12' ],
315 silly audit   tinyglobby: [ '0.2.15' ],
315 silly audit   'detect-libc': [ '2.1.2' ],
315 silly audit   'lightningcss-android-arm64': [ '1.32.0' ],
315 silly audit   'lightningcss-darwin-arm64': [ '1.32.0' ],
315 silly audit   'lightningcss-darwin-x64': [ '1.32.0' ],
315 silly audit   'lightningcss-freebsd-x64': [ '1.32.0' ],
315 silly audit   'lightningcss-linux-arm-gnueabihf': [ '1.32.0' ],
315 silly audit   'lightningcss-linux-arm64-gnu': [ '1.32.0' ],
315 silly audit   'lightningcss-linux-arm64-musl': [ '1.32.0' ],
315 silly audit   'lightningcss-linux-x64-gnu': [ '1.32.0' ],
315 silly audit   'lightningcss-linux-x64-musl': [ '1.32.0' ],
315 silly audit   'lightningcss-win32-arm64-msvc': [ '1.32.0' ],
315 silly audit   'lightningcss-win32-x64-msvc': [ '1.32.0' ],
315 silly audit   nanoid: [ '3.3.11' ],
315 silly audit   picocolors: [ '1.1.1' ],
315 silly audit   'source-map-js': [ '1.2.1' ],
315 silly audit   '@oxc-project/types': [ '0.122.0' ],
315 silly audit   '@rolldown/binding-android-arm64': [ '1.0.0-rc.12' ],
315 silly audit   '@rolldown/binding-darwin-arm64': [ '1.0.0-rc.12' ],
315 silly audit   '@rolldown/binding-darwin-x64': [ '1.0.0-rc.12' ],
315 silly audit   '@rolldown/binding-freebsd-x64': [ '1.0.0-rc.12' ],
315 silly audit   '@rolldown/binding-linux-arm-gnueabihf': [ '1.0.0-rc.12' ],
315 silly audit   '@rolldown/binding-linux-arm64-gnu': [ '1.0.0-rc.12' ],
315 silly audit   '@rolldown/binding-linux-arm64-musl': [ '1.0.0-rc.12' ],
315 silly audit   '@rolldown/binding-linux-ppc64-gnu': [ '1.0.0-rc.12' ],
315 silly audit   '@rolldown/binding-linux-s390x-gnu': [ '1.0.0-rc.12' ],
315 silly audit   '@rolldown/binding-linux-x64-gnu': [ '1.0.0-rc.12' ],
315 silly audit   '@rolldown/binding-linux-x64-musl': [ '1.0.0-rc.12' ],
315 silly audit   '@rolldown/binding-openharmony-arm64': [ '1.0.0-rc.12' ],
315 silly audit   '@rolldown/binding-wasm32-wasi': [ '1.0.0-rc.12' ],
315 silly audit   '@rolldown/binding-win32-arm64-msvc': [ '1.0.0-rc.12' ],
315 silly audit   '@rolldown/binding-win32-x64-msvc': [ '1.0.0-rc.12' ],
315 silly audit   '@rolldown/pluginutils': [ '1.0.0-rc.12' ],
315 silly audit   '@napi-rs/wasm-runtime': [ '1.1.1' ],
315 silly audit   '@emnapi/core': [ '1.9.1' ],
315 silly audit   '@emnapi/runtime': [ '1.9.1' ],
315 silly audit   '@tybys/wasm-util': [ '0.10.1' ],
315 silly audit   '@emnapi/wasi-threads': [ '1.2.0' ],
315 silly audit   tslib: [ '2.8.1' ],
315 silly audit   fdir: [ '6.5.0' ]
315 silly audit }
316 http cache fdir@https://registry.npmjs.org/fdir/-/fdir-6.5.0.tgz 0ms (cache hit)
317 http cache @rolldown/pluginutils@https://registry.npmjs.org/@rolldown/pluginutils/-/pluginutils-1.0.0-rc.12.tgz 0ms (cache hit)
318 http cache @rolldown/binding-linux-x64-gnu@https://registry.npmjs.org/@rolldown/binding-linux-x64-gnu/-/binding-linux-x64-gnu-1.0.0-rc.12.tgz 0ms (cache hit)
319 http cache @oxc-project/types@https://registry.npmjs.org/@oxc-project/types/-/types-0.122.0.tgz 0ms (cache hit)
320 http cache source-map-js@https://registry.npmjs.org/source-map-js/-/source-map-js-1.2.1.tgz 0ms (cache hit)
321 http cache picocolors@https://registry.npmjs.org/picocolors/-/picocolors-1.1.1.tgz 0ms (cache hit)
322 http cache lightningcss-linux-x64-gnu@https://registry.npmjs.org/lightningcss-linux-x64-gnu/-/lightningcss-linux-x64-gnu-1.32.0.tgz 0ms (cache hit)
323 http cache detect-libc@https://registry.npmjs.org/detect-libc/-/detect-libc-2.1.2.tgz 0ms (cache hit)
324 http cache nanoid@https://registry.npmjs.org/nanoid/-/nanoid-3.3.11.tgz 0ms (cache hit)
325 http cache tinyglobby@https://registry.npmjs.org/tinyglobby/-/tinyglobby-0.2.15.tgz 0ms (cache hit)
326 http cache rolldown@https://registry.npmjs.org/rolldown/-/rolldown-1.0.0-rc.12.tgz 0ms (cache hit)
327 http cache postcss@https://registry.npmjs.org/postcss/-/postcss-8.5.8.tgz 0ms (cache hit)
328 http cache picomatch@https://registry.npmjs.org/picomatch/-/picomatch-4.0.4.tgz 0ms (cache hit)
329 http cache lightningcss@https://registry.npmjs.org/lightningcss/-/lightningcss-1.32.0.tgz 0ms (cache hit)
330 http cache vite@https://registry.npmjs.org/vite/-/vite-8.0.3.tgz 0ms (cache hit)
331 http cache flag-icons@https://registry.npmjs.org/flag-icons/-/flag-icons-7.3.2.tgz 1ms (cache hit)
332 silly tarball no local data for fdir@https://registry.npmjs.org/fdir/-/fdir-6.5.0.tgz. Extracting by manifest.
333 silly tarball no local data for @rolldown/pluginutils@https://registry.npmjs.org/@rolldown/pluginutils/-/pluginutils-1.0.0-rc.12.tgz. Extracting by manifest.
334 silly tarball no local data for @rolldown/binding-linux-x64-gnu@https://registry.npmjs.org/@rolldown/binding-linux-x64-gnu/-/binding-linux-x64-gnu-1.0.0-rc.12.tgz. Extracting by manifest.
335 silly tarball no local data for @oxc-project/types@https://registry.npmjs.org/@oxc-project/types/-/types-0.122.0.tgz. Extracting by manifest.
336 silly tarball no local data for source-map-js@https://registry.npmjs.org/source-map-js/-/source-map-js-1.2.1.tgz. Extracting by manifest.
337 silly tarball no local data for picocolors@https://registry.npmjs.org/picocolors/-/picocolors-1.1.1.tgz. Extracting by manifest.
338 silly tarball no local data for lightningcss-linux-x64-gnu@https://registry.npmjs.org/lightningcss-linux-x64-gnu/-/lightningcss-linux-x64-gnu-1.32.0.tgz. Extracting by manifest.
339 silly tarball no local data for detect-libc@https://registry.npmjs.org/detect-libc/-/detect-libc-2.1.2.tgz. Extracting by manifest.
340 silly tarball no local data for nanoid@https://registry.npmjs.org/nanoid/-/nanoid-3.3.11.tgz. Extracting by manifest.
341 silly tarball no local data for tinyglobby@https://registry.npmjs.org/tinyglobby/-/tinyglobby-0.2.15.tgz. Extracting by manifest.
342 silly tarball no local data for rolldown@https://registry.npmjs.org/rolldown/-/rolldown-1.0.0-rc.12.tgz. Extracting by manifest.
343 silly tarball no local data for postcss@https://registry.npmjs.org/postcss/-/postcss-8.5.8.tgz. Extracting by manifest.
344 silly tarball no local data for picomatch@https://registry.npmjs.org/picomatch/-/picomatch-4.0.4.tgz. Extracting by manifest.
345 silly tarball no local data for lightningcss@https://registry.npmjs.org/lightningcss/-/lightningcss-1.32.0.tgz. Extracting by manifest.
346 silly tarball no local data for vite@https://registry.npmjs.org/vite/-/vite-8.0.3.tgz. Extracting by manifest.
347 silly tarball no local data for flag-icons@https://registry.npmjs.org/flag-icons/-/flag-icons-7.3.2.tgz. Extracting by manifest.
348 http fetch POST 200 https://registry.npmjs.org/-/npm/v1/security/advisories/bulk 337ms
349 silly audit report {}
350 http fetch GET 200 https://registry.npmjs.org/picocolors/-/picocolors-1.1.1.tgz 593ms (cache miss)
351 http fetch GET 200 https://registry.npmjs.org/fdir/-/fdir-6.5.0.tgz 614ms (cache miss)
352 http fetch GET 200 https://registry.npmjs.org/@oxc-project/types/-/types-0.122.0.tgz 654ms (cache miss)
353 http fetch GET 200 https://registry.npmjs.org/tinyglobby/-/tinyglobby-0.2.15.tgz 783ms (cache miss)
354 http fetch GET 200 https://registry.npmjs.org/detect-libc/-/detect-libc-2.1.2.tgz 811ms (cache miss)
355 http fetch GET 200 https://registry.npmjs.org/source-map-js/-/source-map-js-1.2.1.tgz 927ms (cache miss)
356 http fetch GET 200 https://registry.npmjs.org/@rolldown/pluginutils/-/pluginutils-1.0.0-rc.12.tgz 958ms (cache miss)
357 http fetch GET 200 https://registry.npmjs.org/picomatch/-/picomatch-4.0.4.tgz 1057ms (cache miss)
358 http fetch GET 200 https://registry.npmjs.org/nanoid/-/nanoid-3.3.11.tgz 1100ms (cache miss)
359 http fetch GET 200 https://registry.npmjs.org/lightningcss/-/lightningcss-1.32.0.tgz 1327ms (cache miss)
360 http fetch GET 200 https://registry.npmjs.org/postcss/-/postcss-8.5.8.tgz 1728ms (cache miss)
361 http fetch GET 200 https://registry.npmjs.org/rolldown/-/rolldown-1.0.0-rc.12.tgz 1953ms (cache miss)
362 http fetch GET 200 https://registry.npmjs.org/vite/-/vite-8.0.3.tgz 2020ms (cache miss)
363 http fetch GET 200 https://registry.npmjs.org/lightningcss-linux-x64-gnu/-/lightningcss-linux-x64-gnu-1.32.0.tgz 2775ms (cache miss)
364 http fetch GET 200 https://registry.npmjs.org/@rolldown/binding-linux-x64-gnu/-/binding-linux-x64-gnu-1.0.0-rc.12.tgz 3766ms (cache miss)
365 http fetch GET 200 https://registry.npmjs.org/flag-icons/-/flag-icons-7.3.2.tgz 4250ms (cache miss)
366 silly ADD node_modules/fdir
367 silly ADD node_modules/@rolldown/pluginutils
368 silly ADD node_modules/@rolldown/binding-linux-x64-gnu
369 silly ADD node_modules/@oxc-project/types
370 silly ADD node_modules/source-map-js
371 silly ADD node_modules/picocolors
372 silly ADD node_modules/nanoid
373 silly ADD node_modules/lightningcss-linux-x64-gnu
374 silly ADD node_modules/detect-libc
375 silly ADD node_modules/tinyglobby
376 silly ADD node_modules/rolldown
377 silly ADD node_modules/postcss
378 silly ADD node_modules/picomatch
379 silly ADD node_modules/lightningcss
380 silly ADD node_modules/vite
381 silly ADD node_modules/flag-icons
382 verbose cwd /home/bobbigmac/projects/nhs-complaint-dec-2024
383 verbose os Linux 6.14.0-37-generic
384 verbose node v24.14.0
385 verbose npm  v11.9.0
386 notice
386 notice New minor version of npm available! 11.9.0 -> 11.12.1
386 notice Changelog: https://github.com/npm/cli/releases/tag/v11.12.1
386 notice To update run: npm install -g npm@11.12.1
386 notice  { force: true, Symbol(proc-log.meta): true }
387 verbose exit 0
388 info ok
